###############################################################################
#
# IAR ELF Linker V8.30.1.114/W32 for ARM                  03/Jun/2020  03:51:34
# Copyright 2007-2018 IAR Systems AB.
#
#    Output file  =  
#        C:\Users\user\STM32_Projects\Push-Pull\EWARM\Push-Pull\Exe\Push-Pull.out
#    Map file     =  
#        C:\Users\user\STM32_Projects\Push-Pull\EWARM\Push-Pull\List\Push-Pull.map
#    Command line =  
#        -f C:\Users\user\AppData\Local\Temp\EWCEE1.tmp
#        (C:\Users\user\STM32_Projects\Push-Pull\EWARM\Push-Pull\Obj\main.o
#        C:\Users\user\STM32_Projects\Push-Pull\EWARM\Push-Pull\Obj\startup_stm32f407xx.o
#        C:\Users\user\STM32_Projects\Push-Pull\EWARM\Push-Pull\Obj\stm32f4xx_hal.o
#        C:\Users\user\STM32_Projects\Push-Pull\EWARM\Push-Pull\Obj\stm32f4xx_hal_cortex.o
#        C:\Users\user\STM32_Projects\Push-Pull\EWARM\Push-Pull\Obj\stm32f4xx_hal_dma.o
#        C:\Users\user\STM32_Projects\Push-Pull\EWARM\Push-Pull\Obj\stm32f4xx_hal_dma_ex.o
#        C:\Users\user\STM32_Projects\Push-Pull\EWARM\Push-Pull\Obj\stm32f4xx_hal_exti.o
#        C:\Users\user\STM32_Projects\Push-Pull\EWARM\Push-Pull\Obj\stm32f4xx_hal_flash.o
#        C:\Users\user\STM32_Projects\Push-Pull\EWARM\Push-Pull\Obj\stm32f4xx_hal_flash_ex.o
#        C:\Users\user\STM32_Projects\Push-Pull\EWARM\Push-Pull\Obj\stm32f4xx_hal_flash_ramfunc.o
#        C:\Users\user\STM32_Projects\Push-Pull\EWARM\Push-Pull\Obj\stm32f4xx_hal_gpio.o
#        C:\Users\user\STM32_Projects\Push-Pull\EWARM\Push-Pull\Obj\stm32f4xx_hal_msp.o
#        C:\Users\user\STM32_Projects\Push-Pull\EWARM\Push-Pull\Obj\stm32f4xx_hal_pwr.o
#        C:\Users\user\STM32_Projects\Push-Pull\EWARM\Push-Pull\Obj\stm32f4xx_hal_pwr_ex.o
#        C:\Users\user\STM32_Projects\Push-Pull\EWARM\Push-Pull\Obj\stm32f4xx_hal_rcc.o
#        C:\Users\user\STM32_Projects\Push-Pull\EWARM\Push-Pull\Obj\stm32f4xx_hal_rcc_ex.o
#        C:\Users\user\STM32_Projects\Push-Pull\EWARM\Push-Pull\Obj\stm32f4xx_hal_tim.o
#        C:\Users\user\STM32_Projects\Push-Pull\EWARM\Push-Pull\Obj\stm32f4xx_hal_tim_ex.o
#        C:\Users\user\STM32_Projects\Push-Pull\EWARM\Push-Pull\Obj\stm32f4xx_it.o
#        C:\Users\user\STM32_Projects\Push-Pull\EWARM\Push-Pull\Obj\stm32f4xx_ll_dma.o
#        C:\Users\user\STM32_Projects\Push-Pull\EWARM\Push-Pull\Obj\stm32f4xx_ll_exti.o
#        C:\Users\user\STM32_Projects\Push-Pull\EWARM\Push-Pull\Obj\stm32f4xx_ll_gpio.o
#        C:\Users\user\STM32_Projects\Push-Pull\EWARM\Push-Pull\Obj\stm32f4xx_ll_rcc.o
#        C:\Users\user\STM32_Projects\Push-Pull\EWARM\Push-Pull\Obj\stm32f4xx_ll_tim.o
#        C:\Users\user\STM32_Projects\Push-Pull\EWARM\Push-Pull\Obj\stm32f4xx_ll_utils.o
#        C:\Users\user\STM32_Projects\Push-Pull\EWARM\Push-Pull\Obj\system_stm32f4xx.o
#        --redirect _Printf=_PrintfFull --redirect _Scanf=_ScanfFull
#        --no_out_extension -o
#        C:\Users\user\STM32_Projects\Push-Pull\EWARM\Push-Pull\Exe\Push-Pull.out
#        --map
#        C:\Users\user\STM32_Projects\Push-Pull\EWARM\Push-Pull\List\Push-Pull.map
#        --config
#        C:\Users\user\STM32_Projects\Push-Pull\EWARM/stm32f407xx_flash.icf
#        --semihosting --entry __iar_program_start --vfe --text_out locale)
#
###############################################################################

*******************************************************************************
*** MESSAGES
***

Error[Li005]: no definition for "DWT_Init" [referenced from
          C:\Users\user\STM32_Projects\Push-Pull\EWARM\Push-Pull\Obj\main.o]
Error[Li005]: no definition for "TM_HD44780_Init" [referenced from
          C:\Users\user\STM32_Projects\Push-Pull\EWARM\Push-Pull\Obj\main.o]
Error[Li005]: no definition for "TM_HD44780_CreateChar" [referenced from
          C:\Users\user\STM32_Projects\Push-Pull\EWARM\Push-Pull\Obj\main.o]
Error[Li005]: no definition for "TM_HD44780_Puts" [referenced from
          C:\Users\user\STM32_Projects\Push-Pull\EWARM\Push-Pull\Obj\main.o]
Error[Li005]: no definition for "TIM_EN" [referenced from
          C:\Users\user\STM32_Projects\Push-Pull\EWARM\Push-Pull\Obj\main.o]
Error[Li005]: no definition for "SET_PWM" [referenced from
          C:\Users\user\STM32_Projects\Push-Pull\EWARM\Push-Pull\Obj\main.o]
Error[Li005]: no definition for "delay_ms" [referenced from
          C:\Users\user\STM32_Projects\Push-Pull\EWARM\Push-Pull\Obj\main.o]
Error[Li005]: no definition for "SET_FRQ" [referenced from
          C:\Users\user\STM32_Projects\Push-Pull\EWARM\Push-Pull\Obj\main.o]
Error[Li005]: no definition for "itoa" [referenced from
          C:\Users\user\STM32_Projects\Push-Pull\EWARM\Push-Pull\Obj\main.o]
Error[Li005]: no definition for "delay_us" [referenced from
          C:\Users\user\STM32_Projects\Push-Pull\EWARM\Push-Pull\Obj\main.o]


*******************************************************************************
*** RUNTIME MODEL ATTRIBUTES
***

CppFlavor       = *
__SystemLibrary = DLib
__dlib_version  = 6


*******************************************************************************
*** HEAP SELECTION
***

The basic heap was selected because no calls to memory allocation
functions were found in the application outside of system library
functions, and there are calls to deallocation functions in the
application.


*******************************************************************************
*** PLACEMENT SUMMARY
***

"A0":  place at 0x800'0000 { ro section .intvec };
"P1":  place in [from 0x800'0000 to 0x80f'ffff] { ro };
define block CSTACK with size = 1K, alignment = 8 { };
define block HEAP with size = 512, alignment = 8 { };
"P2":  place in [from 0x2000'0000 to 0x2001'ffff] {
          rw, block CSTACK, block HEAP };
initialize by copy { rw };

  Section            Kind         Address    Size  Object
  -------            ----         -------    ----  ------
"A0":                                       0x188
  .intvec            ro code   0x800'0000   0x188  startup_stm32f407xx.o [1]
                             - 0x800'0188   0x188

"P1":                                      0x1a94
  .text              ro code   0x800'0188   0x856  stm32f4xx_hal_tim.o [1]
  .text              ro code   0x800'09de    0x3a  zero_init3.o [4]
  .text              ro code   0x800'0a18   0x12c  stm32f4xx_hal_msp.o [1]
  .text              ro code   0x800'0b44     0x2  stm32f4xx_hal_tim.o [1]
  .text              ro code   0x800'0b46     0x2  stm32f4xx_hal_tim.o [1]
  .text              ro code   0x800'0b48     0x2  stm32f4xx_hal_tim.o [1]
  .text              ro code   0x800'0b4a     0x2  stm32f4xx_hal_tim.o [1]
  .text              ro code   0x800'0b4c     0x2  stm32f4xx_hal_tim_ex.o [1]
  .text              ro code   0x800'0b4e     0x2  stm32f4xx_hal_tim.o [1]
  .text              ro code   0x800'0b50     0x2  stm32f4xx_hal_tim_ex.o [1]
  .text              ro code   0x800'0b52     0x2  stm32f4xx_hal_tim.o [1]
  .text              ro code   0x800'0b54    0xc4  stm32f4xx_hal_cortex.o [1]
  .text              ro code   0x800'0c18   0x1e0  stm32f4xx_hal_gpio.o [1]
  .text              ro code   0x800'0df8     0x6  ABImemclr4.o [4]
  .text              ro code   0x800'0e00    0x32  ABImemset48.o [4]
  .text              ro code   0x800'0e34   0x600  main.o [1]
  .text              ro code   0x800'1434    0x34  stm32f4xx_hal.o [1]
  .text              ro code   0x800'1468    0x8c  stm32f4xx_hal_tim_ex.o [1]
  .text              ro code   0x800'14f4    0x24  stm32f4xx_hal_rcc.o [1]
  .text              ro code   0x800'1518     0xc  stm32f4xx_ll_utils.o [1]
  .text              ro code   0x800'1524    0x40  stm32f4xx_hal.o [1]
  .text              ro code   0x800'1564   0x29c  stm32f4xx_ll_tim.o [1]
  .text              ro code   0x800'1800   0x122  stm32f4xx_ll_gpio.o [1]
  .text              ro code   0x800'1924    0x74  stm32f4xx_it.o [1]
  .text              ro code   0x800'1998    0x10  stm32f4xx_hal.o [1]
  .text              ro code   0x800'19a8    0x2c  copy_init3.o [4]
  .text              ro code   0x800'19d4    0x28  data_init.o [4]
  .text              ro code   0x800'19fc    0x22  fpinit_M.o [3]
  .iar.init_table    const     0x800'1a20    0x24  - Linker created -
  .text              ro code   0x800'1a44    0x1e  cmain.o [4]
  .text              ro code   0x800'1a62     0x4  low_level_init.o [2]
  .text              ro code   0x800'1a66     0x4  exit.o [2]
  .text              ro code   0x800'1a6c     0xa  cexit.o [4]
  .text              ro code   0x800'1a78    0x14  exit.o [5]
  .text              ro code   0x800'1a8c    0x1c  system_stm32f4xx.o [1]
  .text              ro code   0x800'1aa8    0x10  startup_stm32f407xx.o [1]
  Initializer bytes  const     0x800'1ab8    0x10  <for P2-1> (used: 0x0)
  .text              ro code   0x800'1ac8     0xc  cstartup_M.o [4]
  .rodata            const     0x800'1ad4     0x8  system_stm32f4xx.o [1]
  .text              ro code   0x800'1adc     0x4  startup_stm32f407xx.o [1]
  .text              ro code   0x800'1ae0     0x4  startup_stm32f407xx.o [1]
  .text              ro code   0x800'1ae4     0x4  startup_stm32f407xx.o [1]
  .text              ro code   0x800'1ae8     0x4  startup_stm32f407xx.o [1]
  .text              ro code   0x800'1aec     0x4  startup_stm32f407xx.o [1]
  .text              ro code   0x800'1af0     0x4  startup_stm32f407xx.o [1]
  .text              ro code   0x800'1af4     0x4  startup_stm32f407xx.o [1]
  .text              ro code   0x800'1af8     0x4  startup_stm32f407xx.o [1]
  .text              ro code   0x800'1afc     0x4  startup_stm32f407xx.o [1]
  .text              ro code   0x800'1b00     0x4  startup_stm32f407xx.o [1]
  .text              ro code   0x800'1b04     0x4  startup_stm32f407xx.o [1]
  .text              ro code   0x800'1b08     0x4  startup_stm32f407xx.o [1]
  .text              ro code   0x800'1b0c     0x4  startup_stm32f407xx.o [1]
  .text              ro code   0x800'1b10     0x4  startup_stm32f407xx.o [1]
  .text              ro code   0x800'1b14     0x4  startup_stm32f407xx.o [1]
  .text              ro code   0x800'1b18     0x4  startup_stm32f407xx.o [1]
  .text              ro code   0x800'1b1c     0x4  startup_stm32f407xx.o [1]
  .text              ro code   0x800'1b20     0x4  startup_stm32f407xx.o [1]
  .text              ro code   0x800'1b24     0x4  startup_stm32f407xx.o [1]
  .text              ro code   0x800'1b28     0x4  startup_stm32f407xx.o [1]
  .text              ro code   0x800'1b2c     0x4  startup_stm32f407xx.o [1]
  .text              ro code   0x800'1b30     0x4  startup_stm32f407xx.o [1]
  .text              ro code   0x800'1b34     0x4  startup_stm32f407xx.o [1]
  .text              ro code   0x800'1b38     0x4  startup_stm32f407xx.o [1]
  .text              ro code   0x800'1b3c     0x4  startup_stm32f407xx.o [1]
  .text              ro code   0x800'1b40     0x4  startup_stm32f407xx.o [1]
  .text              ro code   0x800'1b44     0x4  startup_stm32f407xx.o [1]
  .text              ro code   0x800'1b48     0x4  startup_stm32f407xx.o [1]
  .text              ro code   0x800'1b4c     0x4  startup_stm32f407xx.o [1]
  .text              ro code   0x800'1b50     0x4  startup_stm32f407xx.o [1]
  .text              ro code   0x800'1b54     0x4  startup_stm32f407xx.o [1]
  .text              ro code   0x800'1b58     0x4  startup_stm32f407xx.o [1]
  .text              ro code   0x800'1b5c     0x4  startup_stm32f407xx.o [1]
  .text              ro code   0x800'1b60     0x4  startup_stm32f407xx.o [1]
  .text              ro code   0x800'1b64     0x4  startup_stm32f407xx.o [1]
  .text              ro code   0x800'1b68     0x4  startup_stm32f407xx.o [1]
  .text              ro code   0x800'1b6c     0x4  startup_stm32f407xx.o [1]
  .text              ro code   0x800'1b70     0x4  startup_stm32f407xx.o [1]
  .text              ro code   0x800'1b74     0x4  startup_stm32f407xx.o [1]
  .text              ro code   0x800'1b78     0x4  startup_stm32f407xx.o [1]
  .text              ro code   0x800'1b7c     0x4  startup_stm32f407xx.o [1]
  .text              ro code   0x800'1b80     0x4  startup_stm32f407xx.o [1]
  .text              ro code   0x800'1b84     0x4  startup_stm32f407xx.o [1]
  .text              ro code   0x800'1b88     0x4  startup_stm32f407xx.o [1]
  .text              ro code   0x800'1b8c     0x4  startup_stm32f407xx.o [1]
  .text              ro code   0x800'1b90     0x4  startup_stm32f407xx.o [1]
  .text              ro code   0x800'1b94     0x4  startup_stm32f407xx.o [1]
  .text              ro code   0x800'1b98     0x4  startup_stm32f407xx.o [1]
  .text              ro code   0x800'1b9c     0x4  startup_stm32f407xx.o [1]
  .text              ro code   0x800'1ba0     0x4  startup_stm32f407xx.o [1]
  .text              ro code   0x800'1ba4     0x4  startup_stm32f407xx.o [1]
  .text              ro code   0x800'1ba8     0x4  startup_stm32f407xx.o [1]
  .text              ro code   0x800'1bac     0x4  startup_stm32f407xx.o [1]
  .text              ro code   0x800'1bb0     0x4  startup_stm32f407xx.o [1]
  .text              ro code   0x800'1bb4     0x4  startup_stm32f407xx.o [1]
  .text              ro code   0x800'1bb8     0x4  startup_stm32f407xx.o [1]
  .text              ro code   0x800'1bbc     0x4  startup_stm32f407xx.o [1]
  .text              ro code   0x800'1bc0     0x4  startup_stm32f407xx.o [1]
  .text              ro code   0x800'1bc4     0x4  startup_stm32f407xx.o [1]
  .text              ro code   0x800'1bc8     0x4  startup_stm32f407xx.o [1]
  .text              ro code   0x800'1bcc     0x4  startup_stm32f407xx.o [1]
  .text              ro code   0x800'1bd0     0x4  startup_stm32f407xx.o [1]
  .text              ro code   0x800'1bd4     0x4  startup_stm32f407xx.o [1]
  .text              ro code   0x800'1bd8     0x4  startup_stm32f407xx.o [1]
  .text              ro code   0x800'1bdc     0x4  startup_stm32f407xx.o [1]
  .text              ro code   0x800'1be0     0x4  startup_stm32f407xx.o [1]
  .text              ro code   0x800'1be4     0x4  startup_stm32f407xx.o [1]
  .text              ro code   0x800'1be8     0x4  startup_stm32f407xx.o [1]
  .text              ro code   0x800'1bec     0x4  startup_stm32f407xx.o [1]
  .text              ro code   0x800'1bf0     0x4  startup_stm32f407xx.o [1]
  .text              ro code   0x800'1bf4     0x4  startup_stm32f407xx.o [1]
  .text              ro code   0x800'1bf8     0x4  startup_stm32f407xx.o [1]
  .text              ro code   0x800'1bfc     0x4  startup_stm32f407xx.o [1]
  .text              ro code   0x800'1c00     0x4  startup_stm32f407xx.o [1]
  .text              ro code   0x800'1c04     0x4  startup_stm32f407xx.o [1]
  .text              ro code   0x800'1c08     0x4  startup_stm32f407xx.o [1]
  .text              ro code   0x800'1c0c     0x4  startup_stm32f407xx.o [1]
  .text              ro code   0x800'1c10     0x4  startup_stm32f407xx.o [1]
  .text              ro code   0x800'1c14     0x4  startup_stm32f407xx.o [1]
  .text              ro code   0x800'1c18     0x4  startup_stm32f407xx.o [1]
  .rodata            const     0x800'1c1c     0x0  zero_init3.o [4]
  .rodata            const     0x800'1c1c     0x0  copy_init3.o [4]
                             - 0x800'1c1c  0x1a94

"P2", part 1 of 3:                           0x10
  P2-1                        0x2000'0000    0x10  <Init block>
    .data            inited   0x2000'0000     0xc  stm32f4xx_hal.o [1]
    .data            inited   0x2000'000c     0x4  system_stm32f4xx.o [1]
                            - 0x2000'0010    0x10

"P2", part 2 of 3:                           0xa4
  .bss               zero     0x2000'0010    0x60  main.o [1]
  .bss               zero     0x2000'0070    0x44  main.o [1]
                            - 0x2000'00b4    0xa4

"P2", part 3 of 3:                          0x400
  CSTACK                      0x2000'00b8   0x400  <Block>
    CSTACK           uninit   0x2000'00b8   0x400  <Block tail>
                            - 0x2000'04b8   0x400

Unused ranges:

         From           To      Size
         ----           --      ----
   0x800'1c1c   0x80f'ffff  0xf'e3e4
  0x2000'00b4  0x2000'00b7       0x4
  0x2000'04b8  0x2001'ffff  0x1'fb48


*******************************************************************************
*** INIT TABLE
***

          Address      Size
          -------      ----
Zero (__iar_zero_init3)
    1 destination range, total size 0xa4:
          0x2000'0010  0xa4

Copy (__iar_copy_init3)
    1 source range, total size 0x10:
           0x800'1ab8  0x10
    1 destination range, total size 0x10:
          0x2000'0000  0x10



*******************************************************************************
*** MODULE SUMMARY
***

    Module                  ro code  ro data  rw data
    ------                  -------  -------  -------
command line/config:
    -------------------------------------------------
    Total:

C:\Users\user\STM32_Projects\Push-Pull\EWARM\Push-Pull\Obj: [1]
    main.o                    1 536               164
    startup_stm32f407xx.o       728
    stm32f4xx_hal.o             132       12       12
    stm32f4xx_hal_cortex.o      196
    stm32f4xx_hal_gpio.o        480
    stm32f4xx_hal_msp.o         300
    stm32f4xx_hal_rcc.o          36
    stm32f4xx_hal_tim.o       2 146
    stm32f4xx_hal_tim_ex.o      144
    stm32f4xx_it.o              116
    stm32f4xx_ll_gpio.o         290
    stm32f4xx_ll_tim.o          668
    stm32f4xx_ll_utils.o         12
    system_stm32f4xx.o           28       12        4
    -------------------------------------------------
    Total:                    6 812       24      180

dl7M_tln.a: [2]
    exit.o                        4
    low_level_init.o              4
    -------------------------------------------------
    Total:                        8

m7M_tls.a: [3]
    fpinit_M.o                   34
    -------------------------------------------------
    Total:                       34

rt7M_tl.a: [4]
    ABImemclr4.o                  6
    ABImemset48.o                50
    cexit.o                      10
    cmain.o                      30
    copy_init3.o                 44
    cstartup_M.o                 12
    data_init.o                  40
    zero_init3.o                 58
    -------------------------------------------------
    Total:                      250

shb_l.a: [5]
    exit.o                       20
    -------------------------------------------------
    Total:                       20

    Gaps                         10        2
    Linker created                        36    1 024
-----------------------------------------------------
    Grand Total:              7 134       62    1 204


*******************************************************************************
*** ENTRY LIST
***

Entry                       Address   Size  Type      Object
-----                       -------   ----  ----      ------
.iar.init_table$$Base    0x800'1a20          --   Gb  - Linker created -
.iar.init_table$$Limit   0x800'1a44          --   Gb  - Linker created -
?main                    0x800'1a45         Code  Gb  cmain.o [4]
APBPrescTable            0x800'1ad4    0x8  Data  Gb  system_stm32f4xx.o [1]
BusFault_Handler         0x800'192b    0x2  Code  Gb  stm32f4xx_it.o [1]
CSTACK$$Base            0x2000'00b8          --   Gb  - Linker created -
CSTACK$$Limit           0x2000'04b8          --   Gb  - Linker created -
DebugMon_Handler         0x800'1931    0x2  Code  Gb  stm32f4xx_it.o [1]
Duty_Cycle              0x2000'005c    0x4  Data  Gb  main.o [1]
Frequency               0x2000'0058    0x4  Data  Gb  main.o [1]
HAL_GPIO_Init            0x800'0c19  0x1b2  Code  Gb  stm32f4xx_hal_gpio.o [1]
HAL_IncTick              0x800'1999   0x10  Code  Wk  stm32f4xx_hal.o [1]
HAL_Init                 0x800'1435   0x30  Code  Gb  stm32f4xx_hal.o [1]
HAL_InitTick             0x800'1525   0x40  Code  Wk  stm32f4xx_hal.o [1]
HAL_MspInit              0x800'0a19   0x38  Code  Gb  stm32f4xx_hal_msp.o [1]
HAL_NVIC_EnableIRQ       0x800'0bc3   0x16  Code  Gb  stm32f4xx_hal_cortex.o [1]
HAL_NVIC_SetPriority     0x800'0b89   0x3a  Code  Gb  stm32f4xx_hal_cortex.o [1]
HAL_NVIC_SetPriorityGrouping
                         0x800'0b6f   0x1a  Code  Gb  stm32f4xx_hal_cortex.o [1]
HAL_RCC_GetPCLK1Freq     0x800'14f5   0x10  Code  Gb  stm32f4xx_hal_rcc.o [1]
HAL_SYSTICK_Config       0x800'0bd9   0x28  Code  Gb  stm32f4xx_hal_cortex.o [1]
HAL_TIMEx_BreakCallback
                         0x800'0b4d    0x2  Code  Wk  stm32f4xx_hal_tim_ex.o [1]
HAL_TIMEx_CommutCallback
                         0x800'0b51    0x2  Code  Wk  stm32f4xx_hal_tim_ex.o [1]
HAL_TIMEx_MasterConfigSynchronization
                         0x800'1469   0x6e  Code  Gb  stm32f4xx_hal_tim_ex.o [1]
HAL_TIM_Base_Init        0x800'0189   0x1a  Code  Gb  stm32f4xx_hal_tim.o [1]
HAL_TIM_Base_MspInit     0x800'0a51   0x6c  Code  Gb  stm32f4xx_hal_msp.o [1]
HAL_TIM_IC_ConfigChannel
                         0x800'03f5  0x104  Code  Gb  stm32f4xx_hal_tim.o [1]
HAL_TIM_IC_Init          0x800'026f   0x1a  Code  Gb  stm32f4xx_hal_tim.o [1]
HAL_TIM_IC_Start_IT      0x800'0299    0xa  Code  Gb  stm32f4xx_hal_tim.o [1]
HAL_TIM_IRQHandler       0x800'02ad  0x142  Code  Gb  stm32f4xx_hal_tim.o [1]
HAL_TIM_MspPostInit      0x800'0ae3   0x44  Code  Gb  stm32f4xx_hal_msp.o [1]
HAL_TIM_OC_Start_IT      0x800'01b7   0x12  Code  Gb  stm32f4xx_hal_tim.o [1]
HAL_TIM_PWM_ConfigChannel
                         0x800'04f9   0xbc  Code  Gb  stm32f4xx_hal_tim.o [1]
HAL_TIM_PWM_Init         0x800'01e9   0x1a  Code  Gb  stm32f4xx_hal_tim.o [1]
HAL_TIM_PWM_MspInit      0x800'0abd   0x26  Code  Gb  stm32f4xx_hal_msp.o [1]
HAL_TIM_PWM_Start        0x800'0203   0x14  Code  Gb  stm32f4xx_hal_tim.o [1]
HAL_TIM_SlaveConfigSynchro
                         0x800'05e9   0x1e  Code  Gb  stm32f4xx_hal_tim.o [1]
HardFault_Handler        0x800'1927    0x2  Code  Gb  stm32f4xx_it.o [1]
IC_Val1                 0x2000'0050    0x4  Data  Gb  main.o [1]
IC_Val2                 0x2000'0054    0x4  Data  Gb  main.o [1]
LL_AHB1_GRP1_EnableClock
                         0x800'0e35   0x18  Code  Lc  main.o [1]
LL_GPIO_Init             0x800'1801  0x108  Code  Gb  stm32f4xx_ll_gpio.o [1]
LL_SetSystemCoreClock    0x800'1519    0x6  Code  Gb  stm32f4xx_ll_utils.o [1]
LL_TIM_BDTR_Init         0x800'17c5   0x3c  Code  Gb  stm32f4xx_ll_tim.o [1]
LL_TIM_Init              0x800'1565   0x94  Code  Gb  stm32f4xx_ll_tim.o [1]
LL_TIM_OC_DisableFast    0x800'0e4d   0x48  Code  Lc  main.o [1]
LL_TIM_OC_EnablePreload
                         0x800'0e95   0x48  Code  Lc  main.o [1]
LL_TIM_OC_Init           0x800'15f9  0x1a0  Code  Gb  stm32f4xx_ll_tim.o [1]
MX_GPIO_Init             0x800'12d9   0xc4  Code  Lc  main.o [1]
MX_TIM1_Init             0x800'11c9  0x10a  Code  Lc  main.o [1]
MemManage_Handler        0x800'1929    0x2  Code  Gb  stm32f4xx_it.o [1]
NMI_Handler              0x800'1925    0x2  Code  Gb  stm32f4xx_it.o [1]
OFFSET_TAB_CCMRx         0x800'1424    0x8  Data  Lc  main.o [1]
PendSV_Handler           0x800'1933    0x2  Code  Gb  stm32f4xx_it.o [1]
Region$$Table$$Base      0x800'1a20          --   Gb  - Linker created -
Region$$Table$$Limit     0x800'1a44          --   Gb  - Linker created -
SHIFT_TAB_OCxx           0x800'142c    0x8  Data  Lc  main.o [1]
SVC_Handler              0x800'192f    0x2  Code  Gb  stm32f4xx_it.o [1]
SysTick_Handler          0x800'1935    0x4  Code  Gb  stm32f4xx_it.o [1]
SystemClock_Config       0x800'1135   0x94  Code  Gb  main.o [1]
SystemCoreClock         0x2000'000c    0x4  Data  Gb  system_stm32f4xx.o [1]
SystemInit               0x800'1a8d   0x14  Code  Gb  system_stm32f4xx.o [1]
TIM2_IRQHandler          0x800'1939   0x46  Code  Gb  stm32f4xx_it.o [1]
TIM_Base_SetConfig       0x800'0641   0x96  Code  Gb  stm32f4xx_hal_tim.o [1]
TIM_CCxChannelCmd        0x800'09c3   0x16  Code  Gb  stm32f4xx_hal_tim.o [1]
TIM_ETR_SetConfig        0x800'09af   0x14  Code  Gb  stm32f4xx_hal_tim.o [1]
TIM_OC1_SetConfig        0x800'06d7   0x58  Code  Lc  stm32f4xx_hal_tim.o [1]
TIM_OC2_SetConfig        0x800'072f   0x60  Code  Gb  stm32f4xx_hal_tim.o [1]
TIM_OC3_SetConfig        0x800'078f   0x5e  Code  Lc  stm32f4xx_hal_tim.o [1]
TIM_OC4_SetConfig        0x800'07ed   0x46  Code  Lc  stm32f4xx_hal_tim.o [1]
TIM_SlaveTimer_SetConfig
                         0x800'0833   0x72  Code  Lc  stm32f4xx_hal_tim.o [1]
TIM_TI1_ConfigInputStage
                         0x800'0939   0x1e  Code  Lc  stm32f4xx_hal_tim.o [1]
TIM_TI1_SetConfig        0x800'08a5   0x66  Code  Gb  stm32f4xx_hal_tim.o [1]
TIM_TI2_ConfigInputStage
                         0x800'098b   0x24  Code  Lc  stm32f4xx_hal_tim.o [1]
TIM_TI2_SetConfig        0x800'0957   0x34  Code  Lc  stm32f4xx_hal_tim.o [1]
UsageFault_Handler       0x800'192d    0x2  Code  Gb  stm32f4xx_it.o [1]
__NVIC_SetPriority       0x800'0b55   0x1a  Code  Lc  stm32f4xx_hal_cortex.o [1]
__aeabi_memclr4          0x800'0df9         Code  Gb  ABImemclr4.o [4]
__cmain                  0x800'1a45         Code  Gb  cmain.o [4]
__exit                   0x800'1a79   0x14  Code  Gb  exit.o [5]
__iar_Memset4_word       0x800'0e01         Code  Gb  ABImemset48.o [4]
__iar_Memset8_word       0x800'0e01         Code  Gb  ABImemset48.o [4]
__iar_copy_init3         0x800'19a9   0x2c  Code  Gb  copy_init3.o [4]
__iar_data_init3         0x800'19d5   0x28  Code  Gb  data_init.o [4]
__iar_init_vfp           0x800'19fd         Code  Gb  fpinit_M.o [3]
__iar_program_start      0x800'1ac9         Code  Gb  cstartup_M.o [4]
__iar_zero_init3         0x800'09df   0x3a  Code  Gb  zero_init3.o [4]
__low_level_init         0x800'1a63    0x4  Code  Gb  low_level_init.o [2]
__vector_table           0x800'0000         Data  Gb  startup_stm32f407xx.o [1]
_call_main               0x800'1a51         Code  Gb  cmain.o [4]
_exit                    0x800'1a6d         Code  Gb  cexit.o [4]
_main                    0x800'1a5f         Code  Gb  cmain.o [4]
exit                     0x800'1a67    0x4  Code  Gb  exit.o [2]
htim2                   0x2000'0010   0x40  Data  Gb  main.o [1]
htim3                   0x2000'0070   0x40  Data  Gb  main.o [1]
main                     0x800'0f2d  0x208  Code  Gb  main.o [1]
rqstPulse               0x2000'00b0    0x4  Data  Gb  main.o [1]
steoTim                  0x800'0f1d    0xe  Code  Gb  main.o [1]
step                     0x800'0eed   0x30  Code  Gb  main.o [1]
str                     0x2000'0060    0x8  Data  Gb  main.o [1]
str1                    0x2000'0068    0x8  Data  Gb  main.o [1]
uwTick                  0x2000'0004    0x4  Data  Gb  stm32f4xx_hal.o [1]
uwTickFreq              0x2000'0000    0x1  Data  Gb  stm32f4xx_hal.o [1]
uwTickPrio              0x2000'0008    0x4  Data  Gb  stm32f4xx_hal.o [1]


[1] = C:\Users\user\STM32_Projects\Push-Pull\EWARM\Push-Pull\Obj
[2] = dl7M_tln.a
[3] = m7M_tls.a
[4] = rt7M_tl.a
[5] = shb_l.a

  7 134 bytes of readonly  code memory
     62 bytes of readonly  data memory
  1 204 bytes of readwrite data memory

Errors: 10
Warnings: none
